[18:01:56.093] [DEBUG] Command "yarn.cmd" not found, trying next variation...
[18:01:56.147] [DEBUG] Command "yarn.exe" not found, trying next variation...
[18:01:56.200] [DEBUG] Command "yarn.ps1" not found, trying next variation...
[18:01:56.329] [DEBUG] Command "pnpm.cmd" not found, trying next variation...
[18:01:56.404] [DEBUG] Command "pnpm.exe" not found, trying next variation...
[18:01:56.459] [DEBUG] Command "pnpm.ps1" not found, trying next variation...
[18:01:56.834] [INFO] [36mInitializing Storybook[39m
[18:01:56.898] [DEBUG] Command "yarn.cmd" not found, trying next variation...
[18:01:56.957] [DEBUG] Command "yarn.exe" not found, trying next variation...
[18:01:57.019] [DEBUG] Command "yarn.ps1" not found, trying next variation...
[18:01:57.157] [DEBUG] Command "pnpm.cmd" not found, trying next variation...
[18:01:57.214] [DEBUG] Command "pnpm.exe" not found, trying next variation...
[18:01:57.272] [DEBUG] Command "pnpm.ps1" not found, trying next variation...
[18:01:57.668] [DEBUG] Getting package.json info for C:\Users\Administrator\Documents\Projects\TypeScript\Joblet\package.json...
[18:01:57.669] [INFO] Package manager: npm
[18:01:57.673] [ERROR] [38;2;241;97;97mError: ENOENT: no such file or directory, open '.\package.json'[39m
    at readFileSync (node:fs:484:20)
    at _JsPackageManager.getPackageJson (file:///C:/Users/Administrator/AppData/Local/npm-cache/_npx/7e672272a3586f1f/node_modules/storybook/dist/_node-chunks/chunk-IQHYYTFR.js:13860:23)
    at get packageJson (file:///C:/Users/Administrator/AppData/Local/npm-cache/_npx/7e672272a3586f1f/node_modules/storybook/dist/_node-chunks/chunk-IQHYYTFR.js:14224:34)
    at PreflightCheckCommand.checkPackageNameConflict (file:///C:/Users/Administrator/AppData/Local/npm-cache/_npx/7e672272a3586f1f/node_modules/create-storybook/dist/_node-chunks/chunk-UODPQVMU.js:663:39)
    at PreflightCheckCommand.execute (file:///C:/Users/Administrator/AppData/Local/npm-cache/_npx/7e672272a3586f1f/node_modules/create-storybook/dist/_node-chunks/chunk-UODPQVMU.js:642:14)
[18:02:02.282] [PROMPT] Would you like to send anonymous crash reports to improve Storybook and fix bugs faster? {"choice":true}
[18:02:02.284] [INFO] Storybook collects completely anonymous usage telemetry. We use it to shape Storybook's roadmap and prioritize features. You can learn more, including how to opt out, at https://storybook.js.org/telemetry